// Jest Snapshot v1, https://goo.gl/fbAQLP

exports[`wu data adaptor works 1`] = `
Object {
  "feelslikeC": "13.1",
  "feelslikeF": "55.5",
  "iconUrl": "http://icons.wxug.com/i/c/k/nt_mostlycloudy.gif",
  "tempC": 13.1,
  "tempF": 55.5,
  "text": "Mostly Cloudy",
  "timeStamp": "1504869815",
}
`;

exports[`wu data adaptor works 2`] = `undefined`;

exports[`wu data adaptor works 3`] = `
Array [
  Object {
    "iconTextC": "Mainly cloudy and rainy. Low 9C.",
    "iconTextF": "Rain. Lows overnight in the upper 40s.",
    "iconUrl": "http://icons.wxug.com/i/c/k/rain.gif",
    "tempHighC": "13",
    "tempHighF": "56",
    "tempLowC": "9",
    "tempLowF": "48",
    "text": "Rain",
    "timeStamp": "1504854000",
  },
  Object {
    "iconTextC": "Rain ending early. Remaining cloudy. High 12C. Winds NW at 25 to 40 km/h. Chance of rain 90%. Winds could occasionally gust over 65 km/h.",
    "iconTextF": "Cloudy with rain ending in the afternoon. High 54F. Winds NW at 15 to 25 mph. Chance of rain 90%. Winds could occasionally gust over 40 mph.",
    "iconUrl": "http://icons.wxug.com/i/c/k/rain.gif",
    "tempHighC": "12",
    "tempHighF": "54",
    "tempLowC": "9",
    "tempLowF": "48",
    "text": "Rain",
    "timeStamp": "1504940400",
  },
  Object {
    "iconTextC": "Partly cloudy and windy during the morning with scattered thunderstorms developing during the afternoon. High 13C. Winds NW at 25 to 40 km/h. Chance of rain 40%. Winds could occasionally gust over 65 km/h.",
    "iconTextF": "Windy and Partly cloudy early. Scattered thunderstorms developing later in the day. High around 55F. Winds NW at 20 to 30 mph. Chance of rain 40%. Winds could occasionally gust over 40 mph.",
    "iconUrl": "http://icons.wxug.com/i/c/k/chancetstorms.gif",
    "tempHighC": "13",
    "tempHighF": "55",
    "tempLowC": "7",
    "tempLowF": "45",
    "text": "Chance of a Thunderstorm",
    "timeStamp": "1505026800",
  },
  Object {
    "iconTextC": "Windy with showers developing later in the day. High 11C. Winds SSW at 30 to 50 km/h. Chance of rain 40%. Winds could occasionally gust over 65 km/h.",
    "iconTextF": "Windy with showers developing later in the day. High 52F. Winds SSW at 20 to 30 mph. Chance of rain 40%. Winds could occasionally gust over 40 mph.",
    "iconUrl": "http://icons.wxug.com/i/c/k/chancerain.gif",
    "tempHighC": "11",
    "tempHighF": "52",
    "tempLowC": "6",
    "tempLowF": "43",
    "text": "Chance of Rain",
    "timeStamp": "1505113200",
  },
  Object {
    "iconTextC": "Mostly sunny skies. High 13C. SSW winds shifting to N at 15 to 25 km/h.",
    "iconTextF": "Mostly sunny skies. High 56F. SSW winds shifting to N at 10 to 15 mph.",
    "iconUrl": "http://icons.wxug.com/i/c/k/clear.gif",
    "tempHighC": "13",
    "tempHighF": "56",
    "tempLowC": "9",
    "tempLowF": "48",
    "text": "Clear",
    "timeStamp": "1505199600",
  },
  Object {
    "iconTextC": "Windy with showers developing later in the day. High around 15C. Winds NNW at 30 to 50 km/h. Chance of rain 40%.",
    "iconTextF": "Windy with showers developing later in the day. High 58F. Winds NNW at 20 to 30 mph. Chance of rain 40%.",
    "iconUrl": "http://icons.wxug.com/i/c/k/chancerain.gif",
    "tempHighC": "14",
    "tempHighF": "58",
    "tempLowC": "11",
    "tempLowF": "52",
    "text": "Chance of Rain",
    "timeStamp": "1505286000",
  },
  Object {
    "iconTextC": "Partly cloudy skies. High near 15C. Winds NNW at 25 to 40 km/h.",
    "iconTextF": "Intervals of clouds and sunshine. High 59F. Winds NNW at 15 to 25 mph.",
    "iconUrl": "http://icons.wxug.com/i/c/k/partlycloudy.gif",
    "tempHighC": "15",
    "tempHighF": "59",
    "tempLowC": "12",
    "tempLowF": "54",
    "text": "Partly Cloudy",
    "timeStamp": "1505372400",
  },
  Object {
    "iconTextC": "Windy with light rain early...then remaining cloudy with showers in the afternoon. High around 15C. Winds NNW at 40 to 55 km/h. Chance of rain 70%.",
    "iconTextF": "Windy. A steady light rain in the morning with showers continuing in the afternoon. High 59F. Winds NNW at 25 to 35 mph. Chance of rain 70%.",
    "iconUrl": "http://icons.wxug.com/i/c/k/chancerain.gif",
    "tempHighC": "15",
    "tempHighF": "59",
    "tempLowC": "11",
    "tempLowF": "51",
    "text": "Chance of Rain",
    "timeStamp": "1505458800",
  },
  Object {
    "iconTextC": "Windy with some rain showers. High 14C. Winds NNW at 30 to 50 km/h. Chance of rain 50%.",
    "iconTextF": "Windy with showers. High 57F. Winds NNW at 20 to 30 mph. Chance of rain 50%.",
    "iconUrl": "http://icons.wxug.com/i/c/k/chancerain.gif",
    "tempHighC": "14",
    "tempHighF": "57",
    "tempLowC": "10",
    "tempLowF": "50",
    "text": "Chance of Rain",
    "timeStamp": "1505545200",
  },
  Object {
    "iconTextC": "Windy with a few clouds from time to time. High 13C. Winds NW at 40 to 55 km/h.",
    "iconTextF": "Partly cloudy and windy. High 56F. Winds NW at 25 to 35 mph.",
    "iconUrl": "http://icons.wxug.com/i/c/k/partlycloudy.gif",
    "tempHighC": "13",
    "tempHighF": "56",
    "tempLowC": "9",
    "tempLowF": "49",
    "text": "Partly Cloudy",
    "timeStamp": "1505631600",
  },
]
`;

exports[`wu data adaptor works 4`] = `
Array [
  Object {
    "feelslikeC": "13",
    "feelslikeF": "55",
    "iconUrl": "http://icons.wxug.com/i/c/k/nt_chancerain.gif",
    "tempC": "13",
    "tempF": "55",
    "text": "Chance of Rain",
    "timeStamp": "1504872000",
  },
  Object {
    "feelslikeC": "12",
    "feelslikeF": "54",
    "iconUrl": "http://icons.wxug.com/i/c/k/nt_chancerain.gif",
    "tempC": "12",
    "tempF": "54",
    "text": "Chance of Rain",
    "timeStamp": "1504875600",
  },
  Object {
    "feelslikeC": "12",
    "feelslikeF": "54",
    "iconUrl": "http://icons.wxug.com/i/c/k/nt_chancerain.gif",
    "tempC": "12",
    "tempF": "54",
    "text": "Chance of Rain",
    "timeStamp": "1504879200",
  },
  Object {
    "feelslikeC": "12",
    "feelslikeF": "53",
    "iconUrl": "http://icons.wxug.com/i/c/k/nt_chancerain.gif",
    "tempC": "12",
    "tempF": "53",
    "text": "Chance of Rain",
    "timeStamp": "1504882800",
  },
  Object {
    "feelslikeC": "11",
    "feelslikeF": "52",
    "iconUrl": "http://icons.wxug.com/i/c/k/nt_chancerain.gif",
    "tempC": "11",
    "tempF": "52",
    "text": "Chance of Rain",
    "timeStamp": "1504886400",
  },
  Object {
    "feelslikeC": "11",
    "feelslikeF": "52",
    "iconUrl": "http://icons.wxug.com/i/c/k/nt_rain.gif",
    "tempC": "11",
    "tempF": "52",
    "text": "Rain",
    "timeStamp": "1504890000",
  },
  Object {
    "feelslikeC": "10",
    "feelslikeF": "50",
    "iconUrl": "http://icons.wxug.com/i/c/k/nt_rain.gif",
    "tempC": "10",
    "tempF": "50",
    "text": "Rain",
    "timeStamp": "1504893600",
  },
  Object {
    "feelslikeC": "9",
    "feelslikeF": "49",
    "iconUrl": "http://icons.wxug.com/i/c/k/rain.gif",
    "tempC": "9",
    "tempF": "49",
    "text": "Rain",
    "timeStamp": "1504897200",
  },
  Object {
    "feelslikeC": "10",
    "feelslikeF": "50",
    "iconUrl": "http://icons.wxug.com/i/c/k/rain.gif",
    "tempC": "10",
    "tempF": "50",
    "text": "Rain",
    "timeStamp": "1504900800",
  },
  Object {
    "feelslikeC": "10",
    "feelslikeF": "50",
    "iconUrl": "http://icons.wxug.com/i/c/k/chancerain.gif",
    "tempC": "10",
    "tempF": "50",
    "text": "Chance of Rain",
    "timeStamp": "1504904400",
  },
  Object {
    "feelslikeC": "11",
    "feelslikeF": "51",
    "iconUrl": "http://icons.wxug.com/i/c/k/chancerain.gif",
    "tempC": "11",
    "tempF": "51",
    "text": "Chance of Rain",
    "timeStamp": "1504908000",
  },
  Object {
    "feelslikeC": "11",
    "feelslikeF": "51",
    "iconUrl": "http://icons.wxug.com/i/c/k/cloudy.gif",
    "tempC": "11",
    "tempF": "51",
    "text": "Overcast",
    "timeStamp": "1504911600",
  },
  Object {
    "feelslikeC": "11",
    "feelslikeF": "52",
    "iconUrl": "http://icons.wxug.com/i/c/k/cloudy.gif",
    "tempC": "11",
    "tempF": "52",
    "text": "Overcast",
    "timeStamp": "1504915200",
  },
  Object {
    "feelslikeC": "12",
    "feelslikeF": "53",
    "iconUrl": "http://icons.wxug.com/i/c/k/cloudy.gif",
    "tempC": "12",
    "tempF": "53",
    "text": "Overcast",
    "timeStamp": "1504918800",
  },
  Object {
    "feelslikeC": "12",
    "feelslikeF": "54",
    "iconUrl": "http://icons.wxug.com/i/c/k/cloudy.gif",
    "tempC": "12",
    "tempF": "54",
    "text": "Overcast",
    "timeStamp": "1504922400",
  },
  Object {
    "feelslikeC": "12",
    "feelslikeF": "54",
    "iconUrl": "http://icons.wxug.com/i/c/k/mostlycloudy.gif",
    "tempC": "12",
    "tempF": "54",
    "text": "Mostly Cloudy",
    "timeStamp": "1504926000",
  },
  Object {
    "feelslikeC": "12",
    "feelslikeF": "53",
    "iconUrl": "http://icons.wxug.com/i/c/k/partlycloudy.gif",
    "tempC": "12",
    "tempF": "53",
    "text": "Partly Cloudy",
    "timeStamp": "1504929600",
  },
  Object {
    "feelslikeC": "11",
    "feelslikeF": "52",
    "iconUrl": "http://icons.wxug.com/i/c/k/partlycloudy.gif",
    "tempC": "11",
    "tempF": "52",
    "text": "Partly Cloudy",
    "timeStamp": "1504933200",
  },
  Object {
    "feelslikeC": "11",
    "feelslikeF": "51",
    "iconUrl": "http://icons.wxug.com/i/c/k/partlycloudy.gif",
    "tempC": "11",
    "tempF": "51",
    "text": "Partly Cloudy",
    "timeStamp": "1504936800",
  },
  Object {
    "feelslikeC": "11",
    "feelslikeF": "51",
    "iconUrl": "http://icons.wxug.com/i/c/k/nt_partlycloudy.gif",
    "tempC": "11",
    "tempF": "51",
    "text": "Partly Cloudy",
    "timeStamp": "1504940400",
  },
  Object {
    "feelslikeC": "10",
    "feelslikeF": "50",
    "iconUrl": "http://icons.wxug.com/i/c/k/nt_partlycloudy.gif",
    "tempC": "10",
    "tempF": "50",
    "text": "Partly Cloudy",
    "timeStamp": "1504944000",
  },
  Object {
    "feelslikeC": "9",
    "feelslikeF": "49",
    "iconUrl": "http://icons.wxug.com/i/c/k/nt_partlycloudy.gif",
    "tempC": "9",
    "tempF": "49",
    "text": "Partly Cloudy",
    "timeStamp": "1504947600",
  },
  Object {
    "feelslikeC": "9",
    "feelslikeF": "49",
    "iconUrl": "http://icons.wxug.com/i/c/k/nt_partlycloudy.gif",
    "tempC": "9",
    "tempF": "49",
    "text": "Partly Cloudy",
    "timeStamp": "1504951200",
  },
  Object {
    "feelslikeC": "9",
    "feelslikeF": "49",
    "iconUrl": "http://icons.wxug.com/i/c/k/nt_partlycloudy.gif",
    "tempC": "9",
    "tempF": "49",
    "text": "Partly Cloudy",
    "timeStamp": "1504954800",
  },
  Object {
    "feelslikeC": "9",
    "feelslikeF": "49",
    "iconUrl": "http://icons.wxug.com/i/c/k/nt_partlycloudy.gif",
    "tempC": "9",
    "tempF": "49",
    "text": "Partly Cloudy",
    "timeStamp": "1504958400",
  },
  Object {
    "feelslikeC": "9",
    "feelslikeF": "49",
    "iconUrl": "http://icons.wxug.com/i/c/k/nt_partlycloudy.gif",
    "tempC": "9",
    "tempF": "49",
    "text": "Partly Cloudy",
    "timeStamp": "1504962000",
  },
  Object {
    "feelslikeC": "10",
    "feelslikeF": "50",
    "iconUrl": "http://icons.wxug.com/i/c/k/nt_partlycloudy.gif",
    "tempC": "10",
    "tempF": "50",
    "text": "Partly Cloudy",
    "timeStamp": "1504965600",
  },
  Object {
    "feelslikeC": "10",
    "feelslikeF": "50",
    "iconUrl": "http://icons.wxug.com/i/c/k/nt_partlycloudy.gif",
    "tempC": "10",
    "tempF": "50",
    "text": "Partly Cloudy",
    "timeStamp": "1504969200",
  },
  Object {
    "feelslikeC": "9",
    "feelslikeF": "49",
    "iconUrl": "http://icons.wxug.com/i/c/k/nt_partlycloudy.gif",
    "tempC": "9",
    "tempF": "49",
    "text": "Partly Cloudy",
    "timeStamp": "1504972800",
  },
  Object {
    "feelslikeC": "9",
    "feelslikeF": "49",
    "iconUrl": "http://icons.wxug.com/i/c/k/nt_mostlycloudy.gif",
    "tempC": "9",
    "tempF": "49",
    "text": "Mostly Cloudy",
    "timeStamp": "1504976400",
  },
  Object {
    "feelslikeC": "9",
    "feelslikeF": "49",
    "iconUrl": "http://icons.wxug.com/i/c/k/nt_mostlycloudy.gif",
    "tempC": "9",
    "tempF": "49",
    "text": "Mostly Cloudy",
    "timeStamp": "1504980000",
  },
  Object {
    "feelslikeC": "9",
    "feelslikeF": "49",
    "iconUrl": "http://icons.wxug.com/i/c/k/mostlycloudy.gif",
    "tempC": "9",
    "tempF": "49",
    "text": "Mostly Cloudy",
    "timeStamp": "1504983600",
  },
  Object {
    "feelslikeC": "10",
    "feelslikeF": "50",
    "iconUrl": "http://icons.wxug.com/i/c/k/mostlycloudy.gif",
    "tempC": "10",
    "tempF": "50",
    "text": "Mostly Cloudy",
    "timeStamp": "1504987200",
  },
  Object {
    "feelslikeC": "11",
    "feelslikeF": "51",
    "iconUrl": "http://icons.wxug.com/i/c/k/partlycloudy.gif",
    "tempC": "11",
    "tempF": "51",
    "text": "Partly Cloudy",
    "timeStamp": "1504990800",
  },
  Object {
    "feelslikeC": "11",
    "feelslikeF": "52",
    "iconUrl": "http://icons.wxug.com/i/c/k/partlycloudy.gif",
    "tempC": "11",
    "tempF": "52",
    "text": "Partly Cloudy",
    "timeStamp": "1504994400",
  },
  Object {
    "feelslikeC": "12",
    "feelslikeF": "53",
    "iconUrl": "http://icons.wxug.com/i/c/k/partlycloudy.gif",
    "tempC": "12",
    "tempF": "53",
    "text": "Partly Cloudy",
    "timeStamp": "1504998000",
  },
  Object {
    "feelslikeC": "12",
    "feelslikeF": "53",
    "iconUrl": "http://icons.wxug.com/i/c/k/partlycloudy.gif",
    "tempC": "12",
    "tempF": "53",
    "text": "Partly Cloudy",
    "timeStamp": "1505001600",
  },
  Object {
    "feelslikeC": "12",
    "feelslikeF": "54",
    "iconUrl": "http://icons.wxug.com/i/c/k/partlycloudy.gif",
    "tempC": "12",
    "tempF": "54",
    "text": "Partly Cloudy",
    "timeStamp": "1505005200",
  },
  Object {
    "feelslikeC": "13",
    "feelslikeF": "55",
    "iconUrl": "http://icons.wxug.com/i/c/k/partlycloudy.gif",
    "tempC": "13",
    "tempF": "55",
    "text": "Partly Cloudy",
    "timeStamp": "1505008800",
  },
  Object {
    "feelslikeC": "12",
    "feelslikeF": "54",
    "iconUrl": "http://icons.wxug.com/i/c/k/partlycloudy.gif",
    "tempC": "12",
    "tempF": "54",
    "text": "Partly Cloudy",
    "timeStamp": "1505012400",
  },
  Object {
    "feelslikeC": "12",
    "feelslikeF": "53",
    "iconUrl": "http://icons.wxug.com/i/c/k/chancetstorms.gif",
    "tempC": "12",
    "tempF": "53",
    "text": "Chance of a Thunderstorm",
    "timeStamp": "1505016000",
  },
  Object {
    "feelslikeC": "11",
    "feelslikeF": "51",
    "iconUrl": "http://icons.wxug.com/i/c/k/chancetstorms.gif",
    "tempC": "11",
    "tempF": "51",
    "text": "Chance of a Thunderstorm",
    "timeStamp": "1505019600",
  },
  Object {
    "feelslikeC": "10",
    "feelslikeF": "50",
    "iconUrl": "http://icons.wxug.com/i/c/k/partlycloudy.gif",
    "tempC": "10",
    "tempF": "50",
    "text": "Partly Cloudy",
    "timeStamp": "1505023200",
  },
  Object {
    "feelslikeC": "9",
    "feelslikeF": "49",
    "iconUrl": "http://icons.wxug.com/i/c/k/nt_partlycloudy.gif",
    "tempC": "9",
    "tempF": "49",
    "text": "Partly Cloudy",
    "timeStamp": "1505026800",
  },
  Object {
    "feelslikeC": "9",
    "feelslikeF": "48",
    "iconUrl": "http://icons.wxug.com/i/c/k/nt_partlycloudy.gif",
    "tempC": "9",
    "tempF": "48",
    "text": "Partly Cloudy",
    "timeStamp": "1505030400",
  },
  Object {
    "feelslikeC": "5",
    "feelslikeF": "41",
    "iconUrl": "http://icons.wxug.com/i/c/k/nt_chancerain.gif",
    "tempC": "8",
    "tempF": "47",
    "text": "Chance of Rain",
    "timeStamp": "1505034000",
  },
  Object {
    "feelslikeC": "5",
    "feelslikeF": "42",
    "iconUrl": "http://icons.wxug.com/i/c/k/nt_chancerain.gif",
    "tempC": "8",
    "tempF": "47",
    "text": "Chance of Rain",
    "timeStamp": "1505037600",
  },
  Object {
    "feelslikeC": "5",
    "feelslikeF": "42",
    "iconUrl": "http://icons.wxug.com/i/c/k/nt_chancerain.gif",
    "tempC": "8",
    "tempF": "46",
    "text": "Chance of Rain",
    "timeStamp": "1505041200",
  },
  Object {
    "feelslikeC": "5",
    "feelslikeF": "42",
    "iconUrl": "http://icons.wxug.com/i/c/k/nt_partlycloudy.gif",
    "tempC": "8",
    "tempF": "46",
    "text": "Partly Cloudy",
    "timeStamp": "1505044800",
  },
  Object {
    "feelslikeC": "6",
    "feelslikeF": "42",
    "iconUrl": "http://icons.wxug.com/i/c/k/nt_partlycloudy.gif",
    "tempC": "8",
    "tempF": "47",
    "text": "Partly Cloudy",
    "timeStamp": "1505048400",
  },
  Object {
    "feelslikeC": "5",
    "feelslikeF": "41",
    "iconUrl": "http://icons.wxug.com/i/c/k/nt_partlycloudy.gif",
    "tempC": "8",
    "tempF": "47",
    "text": "Partly Cloudy",
    "timeStamp": "1505052000",
  },
  Object {
    "feelslikeC": "5",
    "feelslikeF": "40",
    "iconUrl": "http://icons.wxug.com/i/c/k/nt_partlycloudy.gif",
    "tempC": "8",
    "tempF": "47",
    "text": "Partly Cloudy",
    "timeStamp": "1505055600",
  },
  Object {
    "feelslikeC": "4",
    "feelslikeF": "40",
    "iconUrl": "http://icons.wxug.com/i/c/k/nt_partlycloudy.gif",
    "tempC": "8",
    "tempF": "47",
    "text": "Partly Cloudy",
    "timeStamp": "1505059200",
  },
  Object {
    "feelslikeC": "4",
    "feelslikeF": "40",
    "iconUrl": "http://icons.wxug.com/i/c/k/nt_partlycloudy.gif",
    "tempC": "8",
    "tempF": "47",
    "text": "Partly Cloudy",
    "timeStamp": "1505062800",
  },
  Object {
    "feelslikeC": "4",
    "feelslikeF": "39",
    "iconUrl": "http://icons.wxug.com/i/c/k/nt_clear.gif",
    "tempC": "8",
    "tempF": "47",
    "text": "Clear",
    "timeStamp": "1505066400",
  },
  Object {
    "feelslikeC": "4",
    "feelslikeF": "39",
    "iconUrl": "http://icons.wxug.com/i/c/k/clear.gif",
    "tempC": "8",
    "tempF": "47",
    "text": "Clear",
    "timeStamp": "1505070000",
  },
  Object {
    "feelslikeC": "9",
    "feelslikeF": "48",
    "iconUrl": "http://icons.wxug.com/i/c/k/clear.gif",
    "tempC": "9",
    "tempF": "48",
    "text": "Clear",
    "timeStamp": "1505073600",
  },
  Object {
    "feelslikeC": "9",
    "feelslikeF": "49",
    "iconUrl": "http://icons.wxug.com/i/c/k/partlycloudy.gif",
    "tempC": "9",
    "tempF": "49",
    "text": "Partly Cloudy",
    "timeStamp": "1505077200",
  },
  Object {
    "feelslikeC": "10",
    "feelslikeF": "50",
    "iconUrl": "http://icons.wxug.com/i/c/k/partlycloudy.gif",
    "tempC": "10",
    "tempF": "50",
    "text": "Partly Cloudy",
    "timeStamp": "1505080800",
  },
  Object {
    "feelslikeC": "11",
    "feelslikeF": "51",
    "iconUrl": "http://icons.wxug.com/i/c/k/partlycloudy.gif",
    "tempC": "11",
    "tempF": "51",
    "text": "Partly Cloudy",
    "timeStamp": "1505084400",
  },
  Object {
    "feelslikeC": "11",
    "feelslikeF": "51",
    "iconUrl": "http://icons.wxug.com/i/c/k/chancerain.gif",
    "tempC": "11",
    "tempF": "51",
    "text": "Chance of Rain",
    "timeStamp": "1505088000",
  },
  Object {
    "feelslikeC": "11",
    "feelslikeF": "51",
    "iconUrl": "http://icons.wxug.com/i/c/k/chancerain.gif",
    "tempC": "11",
    "tempF": "51",
    "text": "Chance of Rain",
    "timeStamp": "1505091600",
  },
  Object {
    "feelslikeC": "11",
    "feelslikeF": "51",
    "iconUrl": "http://icons.wxug.com/i/c/k/chancerain.gif",
    "tempC": "11",
    "tempF": "51",
    "text": "Chance of Rain",
    "timeStamp": "1505095200",
  },
  Object {
    "feelslikeC": "11",
    "feelslikeF": "51",
    "iconUrl": "http://icons.wxug.com/i/c/k/partlycloudy.gif",
    "tempC": "11",
    "tempF": "51",
    "text": "Partly Cloudy",
    "timeStamp": "1505098800",
  },
  Object {
    "feelslikeC": "11",
    "feelslikeF": "51",
    "iconUrl": "http://icons.wxug.com/i/c/k/partlycloudy.gif",
    "tempC": "11",
    "tempF": "51",
    "text": "Partly Cloudy",
    "timeStamp": "1505102400",
  },
  Object {
    "feelslikeC": "10",
    "feelslikeF": "50",
    "iconUrl": "http://icons.wxug.com/i/c/k/clear.gif",
    "tempC": "10",
    "tempF": "50",
    "text": "Clear",
    "timeStamp": "1505106000",
  },
  Object {
    "feelslikeC": "9",
    "feelslikeF": "49",
    "iconUrl": "http://icons.wxug.com/i/c/k/clear.gif",
    "tempC": "9",
    "tempF": "49",
    "text": "Clear",
    "timeStamp": "1505109600",
  },
  Object {
    "feelslikeC": "9",
    "feelslikeF": "49",
    "iconUrl": "http://icons.wxug.com/i/c/k/nt_clear.gif",
    "tempC": "9",
    "tempF": "49",
    "text": "Clear",
    "timeStamp": "1505113200",
  },
  Object {
    "feelslikeC": "9",
    "feelslikeF": "49",
    "iconUrl": "http://icons.wxug.com/i/c/k/nt_clear.gif",
    "tempC": "9",
    "tempF": "49",
    "text": "Clear",
    "timeStamp": "1505116800",
  },
  Object {
    "feelslikeC": "9",
    "feelslikeF": "48",
    "iconUrl": "http://icons.wxug.com/i/c/k/nt_clear.gif",
    "tempC": "9",
    "tempF": "48",
    "text": "Clear",
    "timeStamp": "1505120400",
  },
  Object {
    "feelslikeC": "9",
    "feelslikeF": "48",
    "iconUrl": "http://icons.wxug.com/i/c/k/nt_clear.gif",
    "tempC": "9",
    "tempF": "48",
    "text": "Clear",
    "timeStamp": "1505124000",
  },
  Object {
    "feelslikeC": "5",
    "feelslikeF": "41",
    "iconUrl": "http://icons.wxug.com/i/c/k/nt_partlycloudy.gif",
    "tempC": "8",
    "tempF": "47",
    "text": "Partly Cloudy",
    "timeStamp": "1505127600",
  },
  Object {
    "feelslikeC": "6",
    "feelslikeF": "42",
    "iconUrl": "http://icons.wxug.com/i/c/k/nt_partlycloudy.gif",
    "tempC": "8",
    "tempF": "47",
    "text": "Partly Cloudy",
    "timeStamp": "1505131200",
  },
  Object {
    "feelslikeC": "6",
    "feelslikeF": "43",
    "iconUrl": "http://icons.wxug.com/i/c/k/nt_partlycloudy.gif",
    "tempC": "8",
    "tempF": "47",
    "text": "Partly Cloudy",
    "timeStamp": "1505134800",
  },
  Object {
    "feelslikeC": "6",
    "feelslikeF": "42",
    "iconUrl": "http://icons.wxug.com/i/c/k/nt_partlycloudy.gif",
    "tempC": "8",
    "tempF": "47",
    "text": "Partly Cloudy",
    "timeStamp": "1505138400",
  },
  Object {
    "feelslikeC": "6",
    "feelslikeF": "42",
    "iconUrl": "http://icons.wxug.com/i/c/k/nt_clear.gif",
    "tempC": "8",
    "tempF": "46",
    "text": "Clear",
    "timeStamp": "1505142000",
  },
  Object {
    "feelslikeC": "5",
    "feelslikeF": "40",
    "iconUrl": "http://icons.wxug.com/i/c/k/nt_clear.gif",
    "tempC": "7",
    "tempF": "45",
    "text": "Clear",
    "timeStamp": "1505145600",
  },
  Object {
    "feelslikeC": "5",
    "feelslikeF": "40",
    "iconUrl": "http://icons.wxug.com/i/c/k/nt_clear.gif",
    "tempC": "7",
    "tempF": "45",
    "text": "Clear",
    "timeStamp": "1505149200",
  },
  Object {
    "feelslikeC": "5",
    "feelslikeF": "40",
    "iconUrl": "http://icons.wxug.com/i/c/k/nt_clear.gif",
    "tempC": "7",
    "tempF": "44",
    "text": "Clear",
    "timeStamp": "1505152800",
  },
  Object {
    "feelslikeC": "6",
    "feelslikeF": "43",
    "iconUrl": "http://icons.wxug.com/i/c/k/clear.gif",
    "tempC": "8",
    "tempF": "46",
    "text": "Clear",
    "timeStamp": "1505156400",
  },
  Object {
    "feelslikeC": "9",
    "feelslikeF": "48",
    "iconUrl": "http://icons.wxug.com/i/c/k/clear.gif",
    "tempC": "9",
    "tempF": "48",
    "text": "Clear",
    "timeStamp": "1505160000",
  },
  Object {
    "feelslikeC": "11",
    "feelslikeF": "51",
    "iconUrl": "http://icons.wxug.com/i/c/k/clear.gif",
    "tempC": "11",
    "tempF": "51",
    "text": "Clear",
    "timeStamp": "1505163600",
  },
  Object {
    "feelslikeC": "12",
    "feelslikeF": "53",
    "iconUrl": "http://icons.wxug.com/i/c/k/clear.gif",
    "tempC": "12",
    "tempF": "53",
    "text": "Clear",
    "timeStamp": "1505167200",
  },
  Object {
    "feelslikeC": "12",
    "feelslikeF": "54",
    "iconUrl": "http://icons.wxug.com/i/c/k/clear.gif",
    "tempC": "12",
    "tempF": "54",
    "text": "Clear",
    "timeStamp": "1505170800",
  },
  Object {
    "feelslikeC": "12",
    "feelslikeF": "54",
    "iconUrl": "http://icons.wxug.com/i/c/k/clear.gif",
    "tempC": "12",
    "tempF": "54",
    "text": "Clear",
    "timeStamp": "1505174400",
  },
  Object {
    "feelslikeC": "12",
    "feelslikeF": "54",
    "iconUrl": "http://icons.wxug.com/i/c/k/clear.gif",
    "tempC": "12",
    "tempF": "54",
    "text": "Clear",
    "timeStamp": "1505178000",
  },
  Object {
    "feelslikeC": "13",
    "feelslikeF": "55",
    "iconUrl": "http://icons.wxug.com/i/c/k/clear.gif",
    "tempC": "13",
    "tempF": "55",
    "text": "Clear",
    "timeStamp": "1505181600",
  },
  Object {
    "feelslikeC": "13",
    "feelslikeF": "55",
    "iconUrl": "http://icons.wxug.com/i/c/k/clear.gif",
    "tempC": "13",
    "tempF": "55",
    "text": "Clear",
    "timeStamp": "1505185200",
  },
  Object {
    "feelslikeC": "12",
    "feelslikeF": "54",
    "iconUrl": "http://icons.wxug.com/i/c/k/clear.gif",
    "tempC": "12",
    "tempF": "54",
    "text": "Clear",
    "timeStamp": "1505188800",
  },
  Object {
    "feelslikeC": "12",
    "feelslikeF": "53",
    "iconUrl": "http://icons.wxug.com/i/c/k/clear.gif",
    "tempC": "12",
    "tempF": "53",
    "text": "Clear",
    "timeStamp": "1505192400",
  },
  Object {
    "feelslikeC": "11",
    "feelslikeF": "52",
    "iconUrl": "http://icons.wxug.com/i/c/k/clear.gif",
    "tempC": "11",
    "tempF": "52",
    "text": "Clear",
    "timeStamp": "1505196000",
  },
  Object {
    "feelslikeC": "11",
    "feelslikeF": "51",
    "iconUrl": "http://icons.wxug.com/i/c/k/nt_clear.gif",
    "tempC": "11",
    "tempF": "51",
    "text": "Clear",
    "timeStamp": "1505199600",
  },
  Object {
    "feelslikeC": "11",
    "feelslikeF": "51",
    "iconUrl": "http://icons.wxug.com/i/c/k/nt_clear.gif",
    "tempC": "11",
    "tempF": "51",
    "text": "Clear",
    "timeStamp": "1505203200",
  },
  Object {
    "feelslikeC": "10",
    "feelslikeF": "50",
    "iconUrl": "http://icons.wxug.com/i/c/k/nt_clear.gif",
    "tempC": "10",
    "tempF": "50",
    "text": "Clear",
    "timeStamp": "1505206800",
  },
  Object {
    "feelslikeC": "9",
    "feelslikeF": "49",
    "iconUrl": "http://icons.wxug.com/i/c/k/nt_clear.gif",
    "tempC": "9",
    "tempF": "49",
    "text": "Clear",
    "timeStamp": "1505210400",
  },
  Object {
    "feelslikeC": "9",
    "feelslikeF": "49",
    "iconUrl": "http://icons.wxug.com/i/c/k/nt_partlycloudy.gif",
    "tempC": "9",
    "tempF": "49",
    "text": "Partly Cloudy",
    "timeStamp": "1505214000",
  },
  Object {
    "feelslikeC": "9",
    "feelslikeF": "49",
    "iconUrl": "http://icons.wxug.com/i/c/k/nt_partlycloudy.gif",
    "tempC": "9",
    "tempF": "49",
    "text": "Partly Cloudy",
    "timeStamp": "1505217600",
  },
  Object {
    "feelslikeC": "10",
    "feelslikeF": "50",
    "iconUrl": "http://icons.wxug.com/i/c/k/nt_partlycloudy.gif",
    "tempC": "10",
    "tempF": "50",
    "text": "Partly Cloudy",
    "timeStamp": "1505221200",
  },
  Object {
    "feelslikeC": "10",
    "feelslikeF": "50",
    "iconUrl": "http://icons.wxug.com/i/c/k/nt_partlycloudy.gif",
    "tempC": "10",
    "tempF": "50",
    "text": "Partly Cloudy",
    "timeStamp": "1505224800",
  },
  Object {
    "feelslikeC": "10",
    "feelslikeF": "50",
    "iconUrl": "http://icons.wxug.com/i/c/k/nt_partlycloudy.gif",
    "tempC": "10",
    "tempF": "50",
    "text": "Partly Cloudy",
    "timeStamp": "1505228400",
  },
  Object {
    "feelslikeC": "10",
    "feelslikeF": "50",
    "iconUrl": "http://icons.wxug.com/i/c/k/nt_partlycloudy.gif",
    "tempC": "10",
    "tempF": "50",
    "text": "Partly Cloudy",
    "timeStamp": "1505232000",
  },
  Object {
    "feelslikeC": "10",
    "feelslikeF": "50",
    "iconUrl": "http://icons.wxug.com/i/c/k/nt_partlycloudy.gif",
    "tempC": "10",
    "tempF": "50",
    "text": "Partly Cloudy",
    "timeStamp": "1505235600",
  },
  Object {
    "feelslikeC": "10",
    "feelslikeF": "50",
    "iconUrl": "http://icons.wxug.com/i/c/k/nt_partlycloudy.gif",
    "tempC": "10",
    "tempF": "50",
    "text": "Partly Cloudy",
    "timeStamp": "1505239200",
  },
  Object {
    "feelslikeC": "10",
    "feelslikeF": "50",
    "iconUrl": "http://icons.wxug.com/i/c/k/partlycloudy.gif",
    "tempC": "10",
    "tempF": "50",
    "text": "Partly Cloudy",
    "timeStamp": "1505242800",
  },
  Object {
    "feelslikeC": "11",
    "feelslikeF": "52",
    "iconUrl": "http://icons.wxug.com/i/c/k/partlycloudy.gif",
    "tempC": "11",
    "tempF": "52",
    "text": "Partly Cloudy",
    "timeStamp": "1505246400",
  },
  Object {
    "feelslikeC": "12",
    "feelslikeF": "54",
    "iconUrl": "http://icons.wxug.com/i/c/k/partlycloudy.gif",
    "tempC": "12",
    "tempF": "54",
    "text": "Partly Cloudy",
    "timeStamp": "1505250000",
  },
  Object {
    "feelslikeC": "13",
    "feelslikeF": "55",
    "iconUrl": "http://icons.wxug.com/i/c/k/partlycloudy.gif",
    "tempC": "13",
    "tempF": "55",
    "text": "Partly Cloudy",
    "timeStamp": "1505253600",
  },
  Object {
    "feelslikeC": "13",
    "feelslikeF": "56",
    "iconUrl": "http://icons.wxug.com/i/c/k/partlycloudy.gif",
    "tempC": "13",
    "tempF": "56",
    "text": "Partly Cloudy",
    "timeStamp": "1505257200",
  },
  Object {
    "feelslikeC": "13",
    "feelslikeF": "56",
    "iconUrl": "http://icons.wxug.com/i/c/k/chancerain.gif",
    "tempC": "13",
    "tempF": "56",
    "text": "Chance of Rain",
    "timeStamp": "1505260800",
  },
  Object {
    "feelslikeC": "14",
    "feelslikeF": "57",
    "iconUrl": "http://icons.wxug.com/i/c/k/chancerain.gif",
    "tempC": "14",
    "tempF": "57",
    "text": "Chance of Rain",
    "timeStamp": "1505264400",
  },
  Object {
    "feelslikeC": "14",
    "feelslikeF": "57",
    "iconUrl": "http://icons.wxug.com/i/c/k/chancerain.gif",
    "tempC": "14",
    "tempF": "57",
    "text": "Chance of Rain",
    "timeStamp": "1505268000",
  },
  Object {
    "feelslikeC": "14",
    "feelslikeF": "57",
    "iconUrl": "http://icons.wxug.com/i/c/k/partlycloudy.gif",
    "tempC": "14",
    "tempF": "57",
    "text": "Partly Cloudy",
    "timeStamp": "1505271600",
  },
  Object {
    "feelslikeC": "14",
    "feelslikeF": "57",
    "iconUrl": "http://icons.wxug.com/i/c/k/chancerain.gif",
    "tempC": "14",
    "tempF": "57",
    "text": "Chance of Rain",
    "timeStamp": "1505275200",
  },
  Object {
    "feelslikeC": "13",
    "feelslikeF": "56",
    "iconUrl": "http://icons.wxug.com/i/c/k/chancerain.gif",
    "tempC": "13",
    "tempF": "56",
    "text": "Chance of Rain",
    "timeStamp": "1505278800",
  },
  Object {
    "feelslikeC": "13",
    "feelslikeF": "55",
    "iconUrl": "http://icons.wxug.com/i/c/k/chancerain.gif",
    "tempC": "13",
    "tempF": "55",
    "text": "Chance of Rain",
    "timeStamp": "1505282400",
  },
  Object {
    "feelslikeC": "13",
    "feelslikeF": "55",
    "iconUrl": "http://icons.wxug.com/i/c/k/nt_chancerain.gif",
    "tempC": "13",
    "tempF": "55",
    "text": "Chance of Rain",
    "timeStamp": "1505286000",
  },
  Object {
    "feelslikeC": "13",
    "feelslikeF": "55",
    "iconUrl": "http://icons.wxug.com/i/c/k/nt_chancerain.gif",
    "tempC": "13",
    "tempF": "55",
    "text": "Chance of Rain",
    "timeStamp": "1505289600",
  },
  Object {
    "feelslikeC": "13",
    "feelslikeF": "55",
    "iconUrl": "http://icons.wxug.com/i/c/k/nt_chancerain.gif",
    "tempC": "13",
    "tempF": "55",
    "text": "Chance of Rain",
    "timeStamp": "1505293200",
  },
  Object {
    "feelslikeC": "12",
    "feelslikeF": "54",
    "iconUrl": "http://icons.wxug.com/i/c/k/nt_chancerain.gif",
    "tempC": "12",
    "tempF": "54",
    "text": "Chance of Rain",
    "timeStamp": "1505296800",
  },
  Object {
    "feelslikeC": "12",
    "feelslikeF": "54",
    "iconUrl": "http://icons.wxug.com/i/c/k/nt_chancerain.gif",
    "tempC": "12",
    "tempF": "54",
    "text": "Chance of Rain",
    "timeStamp": "1505300400",
  },
  Object {
    "feelslikeC": "12",
    "feelslikeF": "54",
    "iconUrl": "http://icons.wxug.com/i/c/k/nt_chancerain.gif",
    "tempC": "12",
    "tempF": "54",
    "text": "Chance of Rain",
    "timeStamp": "1505304000",
  },
  Object {
    "feelslikeC": "12",
    "feelslikeF": "54",
    "iconUrl": "http://icons.wxug.com/i/c/k/nt_chancerain.gif",
    "tempC": "12",
    "tempF": "54",
    "text": "Chance of Rain",
    "timeStamp": "1505307600",
  },
  Object {
    "feelslikeC": "12",
    "feelslikeF": "54",
    "iconUrl": "http://icons.wxug.com/i/c/k/nt_chancerain.gif",
    "tempC": "12",
    "tempF": "54",
    "text": "Chance of Rain",
    "timeStamp": "1505311200",
  },
  Object {
    "feelslikeC": "12",
    "feelslikeF": "54",
    "iconUrl": "http://icons.wxug.com/i/c/k/nt_chancerain.gif",
    "tempC": "12",
    "tempF": "54",
    "text": "Chance of Rain",
    "timeStamp": "1505314800",
  },
  Object {
    "feelslikeC": "12",
    "feelslikeF": "54",
    "iconUrl": "http://icons.wxug.com/i/c/k/nt_chancerain.gif",
    "tempC": "12",
    "tempF": "54",
    "text": "Chance of Rain",
    "timeStamp": "1505318400",
  },
  Object {
    "feelslikeC": "12",
    "feelslikeF": "54",
    "iconUrl": "http://icons.wxug.com/i/c/k/nt_chancerain.gif",
    "tempC": "12",
    "tempF": "54",
    "text": "Chance of Rain",
    "timeStamp": "1505322000",
  },
  Object {
    "feelslikeC": "12",
    "feelslikeF": "53",
    "iconUrl": "http://icons.wxug.com/i/c/k/nt_mostlycloudy.gif",
    "tempC": "12",
    "tempF": "53",
    "text": "Mostly Cloudy",
    "timeStamp": "1505325600",
  },
  Object {
    "feelslikeC": "12",
    "feelslikeF": "54",
    "iconUrl": "http://icons.wxug.com/i/c/k/partlycloudy.gif",
    "tempC": "12",
    "tempF": "54",
    "text": "Partly Cloudy",
    "timeStamp": "1505329200",
  },
  Object {
    "feelslikeC": "13",
    "feelslikeF": "55",
    "iconUrl": "http://icons.wxug.com/i/c/k/partlycloudy.gif",
    "tempC": "13",
    "tempF": "55",
    "text": "Partly Cloudy",
    "timeStamp": "1505332800",
  },
  Object {
    "feelslikeC": "13",
    "feelslikeF": "56",
    "iconUrl": "http://icons.wxug.com/i/c/k/partlycloudy.gif",
    "tempC": "13",
    "tempF": "56",
    "text": "Partly Cloudy",
    "timeStamp": "1505336400",
  },
  Object {
    "feelslikeC": "14",
    "feelslikeF": "57",
    "iconUrl": "http://icons.wxug.com/i/c/k/partlycloudy.gif",
    "tempC": "14",
    "tempF": "57",
    "text": "Partly Cloudy",
    "timeStamp": "1505340000",
  },
  Object {
    "feelslikeC": "14",
    "feelslikeF": "58",
    "iconUrl": "http://icons.wxug.com/i/c/k/partlycloudy.gif",
    "tempC": "14",
    "tempF": "58",
    "text": "Partly Cloudy",
    "timeStamp": "1505343600",
  },
  Object {
    "feelslikeC": "14",
    "feelslikeF": "58",
    "iconUrl": "http://icons.wxug.com/i/c/k/partlycloudy.gif",
    "tempC": "14",
    "tempF": "58",
    "text": "Partly Cloudy",
    "timeStamp": "1505347200",
  },
  Object {
    "feelslikeC": "14",
    "feelslikeF": "58",
    "iconUrl": "http://icons.wxug.com/i/c/k/partlycloudy.gif",
    "tempC": "14",
    "tempF": "58",
    "text": "Partly Cloudy",
    "timeStamp": "1505350800",
  },
  Object {
    "feelslikeC": "14",
    "feelslikeF": "58",
    "iconUrl": "http://icons.wxug.com/i/c/k/partlycloudy.gif",
    "tempC": "14",
    "tempF": "58",
    "text": "Partly Cloudy",
    "timeStamp": "1505354400",
  },
  Object {
    "feelslikeC": "14",
    "feelslikeF": "58",
    "iconUrl": "http://icons.wxug.com/i/c/k/partlycloudy.gif",
    "tempC": "14",
    "tempF": "58",
    "text": "Partly Cloudy",
    "timeStamp": "1505358000",
  },
  Object {
    "feelslikeC": "14",
    "feelslikeF": "57",
    "iconUrl": "http://icons.wxug.com/i/c/k/partlycloudy.gif",
    "tempC": "14",
    "tempF": "57",
    "text": "Partly Cloudy",
    "timeStamp": "1505361600",
  },
  Object {
    "feelslikeC": "13",
    "feelslikeF": "56",
    "iconUrl": "http://icons.wxug.com/i/c/k/mostlycloudy.gif",
    "tempC": "13",
    "tempF": "56",
    "text": "Mostly Cloudy",
    "timeStamp": "1505365200",
  },
  Object {
    "feelslikeC": "13",
    "feelslikeF": "55",
    "iconUrl": "http://icons.wxug.com/i/c/k/mostlycloudy.gif",
    "tempC": "13",
    "tempF": "55",
    "text": "Mostly Cloudy",
    "timeStamp": "1505368800",
  },
  Object {
    "feelslikeC": "13",
    "feelslikeF": "55",
    "iconUrl": "http://icons.wxug.com/i/c/k/nt_mostlycloudy.gif",
    "tempC": "13",
    "tempF": "55",
    "text": "Mostly Cloudy",
    "timeStamp": "1505372400",
  },
  Object {
    "feelslikeC": "13",
    "feelslikeF": "55",
    "iconUrl": "http://icons.wxug.com/i/c/k/nt_mostlycloudy.gif",
    "tempC": "13",
    "tempF": "55",
    "text": "Mostly Cloudy",
    "timeStamp": "1505376000",
  },
  Object {
    "feelslikeC": "13",
    "feelslikeF": "55",
    "iconUrl": "http://icons.wxug.com/i/c/k/nt_chancerain.gif",
    "tempC": "13",
    "tempF": "55",
    "text": "Chance of Rain",
    "timeStamp": "1505379600",
  },
  Object {
    "feelslikeC": "13",
    "feelslikeF": "55",
    "iconUrl": "http://icons.wxug.com/i/c/k/nt_chancerain.gif",
    "tempC": "13",
    "tempF": "55",
    "text": "Chance of Rain",
    "timeStamp": "1505383200",
  },
  Object {
    "feelslikeC": "13",
    "feelslikeF": "56",
    "iconUrl": "http://icons.wxug.com/i/c/k/nt_chancerain.gif",
    "tempC": "13",
    "tempF": "56",
    "text": "Chance of Rain",
    "timeStamp": "1505386800",
  },
  Object {
    "feelslikeC": "13",
    "feelslikeF": "56",
    "iconUrl": "http://icons.wxug.com/i/c/k/nt_chancerain.gif",
    "tempC": "13",
    "tempF": "56",
    "text": "Chance of Rain",
    "timeStamp": "1505390400",
  },
  Object {
    "feelslikeC": "13",
    "feelslikeF": "56",
    "iconUrl": "http://icons.wxug.com/i/c/k/nt_chancerain.gif",
    "tempC": "13",
    "tempF": "56",
    "text": "Chance of Rain",
    "timeStamp": "1505394000",
  },
  Object {
    "feelslikeC": "13",
    "feelslikeF": "56",
    "iconUrl": "http://icons.wxug.com/i/c/k/nt_chancerain.gif",
    "tempC": "13",
    "tempF": "56",
    "text": "Chance of Rain",
    "timeStamp": "1505397600",
  },
  Object {
    "feelslikeC": "13",
    "feelslikeF": "56",
    "iconUrl": "http://icons.wxug.com/i/c/k/nt_chancerain.gif",
    "tempC": "13",
    "tempF": "56",
    "text": "Chance of Rain",
    "timeStamp": "1505401200",
  },
  Object {
    "feelslikeC": "13",
    "feelslikeF": "56",
    "iconUrl": "http://icons.wxug.com/i/c/k/nt_chancerain.gif",
    "tempC": "13",
    "tempF": "56",
    "text": "Chance of Rain",
    "timeStamp": "1505404800",
  },
  Object {
    "feelslikeC": "13",
    "feelslikeF": "56",
    "iconUrl": "http://icons.wxug.com/i/c/k/nt_chancerain.gif",
    "tempC": "13",
    "tempF": "56",
    "text": "Chance of Rain",
    "timeStamp": "1505408400",
  },
  Object {
    "feelslikeC": "13",
    "feelslikeF": "56",
    "iconUrl": "http://icons.wxug.com/i/c/k/nt_chancerain.gif",
    "tempC": "13",
    "tempF": "56",
    "text": "Chance of Rain",
    "timeStamp": "1505412000",
  },
  Object {
    "feelslikeC": "13",
    "feelslikeF": "55",
    "iconUrl": "http://icons.wxug.com/i/c/k/chancerain.gif",
    "tempC": "13",
    "tempF": "55",
    "text": "Chance of Rain",
    "timeStamp": "1505415600",
  },
  Object {
    "feelslikeC": "13",
    "feelslikeF": "56",
    "iconUrl": "http://icons.wxug.com/i/c/k/chancerain.gif",
    "tempC": "13",
    "tempF": "56",
    "text": "Chance of Rain",
    "timeStamp": "1505419200",
  },
  Object {
    "feelslikeC": "13",
    "feelslikeF": "56",
    "iconUrl": "http://icons.wxug.com/i/c/k/chancerain.gif",
    "tempC": "13",
    "tempF": "56",
    "text": "Chance of Rain",
    "timeStamp": "1505422800",
  },
  Object {
    "feelslikeC": "14",
    "feelslikeF": "57",
    "iconUrl": "http://icons.wxug.com/i/c/k/chancerain.gif",
    "tempC": "14",
    "tempF": "57",
    "text": "Chance of Rain",
    "timeStamp": "1505426400",
  },
  Object {
    "feelslikeC": "14",
    "feelslikeF": "58",
    "iconUrl": "http://icons.wxug.com/i/c/k/chancerain.gif",
    "tempC": "14",
    "tempF": "58",
    "text": "Chance of Rain",
    "timeStamp": "1505430000",
  },
  Object {
    "feelslikeC": "14",
    "feelslikeF": "58",
    "iconUrl": "http://icons.wxug.com/i/c/k/chancerain.gif",
    "tempC": "14",
    "tempF": "58",
    "text": "Chance of Rain",
    "timeStamp": "1505433600",
  },
  Object {
    "feelslikeC": "14",
    "feelslikeF": "58",
    "iconUrl": "http://icons.wxug.com/i/c/k/chancerain.gif",
    "tempC": "14",
    "tempF": "58",
    "text": "Chance of Rain",
    "timeStamp": "1505437200",
  },
  Object {
    "feelslikeC": "14",
    "feelslikeF": "58",
    "iconUrl": "http://icons.wxug.com/i/c/k/chancerain.gif",
    "tempC": "14",
    "tempF": "58",
    "text": "Chance of Rain",
    "timeStamp": "1505440800",
  },
  Object {
    "feelslikeC": "14",
    "feelslikeF": "58",
    "iconUrl": "http://icons.wxug.com/i/c/k/chancerain.gif",
    "tempC": "14",
    "tempF": "58",
    "text": "Chance of Rain",
    "timeStamp": "1505444400",
  },
  Object {
    "feelslikeC": "14",
    "feelslikeF": "57",
    "iconUrl": "http://icons.wxug.com/i/c/k/chancerain.gif",
    "tempC": "14",
    "tempF": "57",
    "text": "Chance of Rain",
    "timeStamp": "1505448000",
  },
  Object {
    "feelslikeC": "13",
    "feelslikeF": "56",
    "iconUrl": "http://icons.wxug.com/i/c/k/chancerain.gif",
    "tempC": "13",
    "tempF": "56",
    "text": "Chance of Rain",
    "timeStamp": "1505451600",
  },
  Object {
    "feelslikeC": "13",
    "feelslikeF": "55",
    "iconUrl": "http://icons.wxug.com/i/c/k/chancerain.gif",
    "tempC": "13",
    "tempF": "55",
    "text": "Chance of Rain",
    "timeStamp": "1505455200",
  },
  Object {
    "feelslikeC": "13",
    "feelslikeF": "55",
    "iconUrl": "http://icons.wxug.com/i/c/k/nt_chancerain.gif",
    "tempC": "13",
    "tempF": "55",
    "text": "Chance of Rain",
    "timeStamp": "1505458800",
  },
  Object {
    "feelslikeC": "13",
    "feelslikeF": "55",
    "iconUrl": "http://icons.wxug.com/i/c/k/nt_chancerain.gif",
    "tempC": "13",
    "tempF": "55",
    "text": "Chance of Rain",
    "timeStamp": "1505462400",
  },
  Object {
    "feelslikeC": "12",
    "feelslikeF": "54",
    "iconUrl": "http://icons.wxug.com/i/c/k/nt_chancerain.gif",
    "tempC": "12",
    "tempF": "54",
    "text": "Chance of Rain",
    "timeStamp": "1505466000",
  },
  Object {
    "feelslikeC": "12",
    "feelslikeF": "54",
    "iconUrl": "http://icons.wxug.com/i/c/k/nt_chancerain.gif",
    "tempC": "12",
    "tempF": "54",
    "text": "Chance of Rain",
    "timeStamp": "1505469600",
  },
  Object {
    "feelslikeC": "12",
    "feelslikeF": "54",
    "iconUrl": "http://icons.wxug.com/i/c/k/nt_chancerain.gif",
    "tempC": "12",
    "tempF": "54",
    "text": "Chance of Rain",
    "timeStamp": "1505473200",
  },
  Object {
    "feelslikeC": "12",
    "feelslikeF": "53",
    "iconUrl": "http://icons.wxug.com/i/c/k/nt_chancerain.gif",
    "tempC": "12",
    "tempF": "53",
    "text": "Chance of Rain",
    "timeStamp": "1505476800",
  },
  Object {
    "feelslikeC": "12",
    "feelslikeF": "53",
    "iconUrl": "http://icons.wxug.com/i/c/k/nt_chancerain.gif",
    "tempC": "12",
    "tempF": "53",
    "text": "Chance of Rain",
    "timeStamp": "1505480400",
  },
  Object {
    "feelslikeC": "12",
    "feelslikeF": "53",
    "iconUrl": "http://icons.wxug.com/i/c/k/nt_chancerain.gif",
    "tempC": "12",
    "tempF": "53",
    "text": "Chance of Rain",
    "timeStamp": "1505484000",
  },
  Object {
    "feelslikeC": "12",
    "feelslikeF": "53",
    "iconUrl": "http://icons.wxug.com/i/c/k/nt_chancerain.gif",
    "tempC": "12",
    "tempF": "53",
    "text": "Chance of Rain",
    "timeStamp": "1505487600",
  },
  Object {
    "feelslikeC": "12",
    "feelslikeF": "53",
    "iconUrl": "http://icons.wxug.com/i/c/k/nt_chancerain.gif",
    "tempC": "12",
    "tempF": "53",
    "text": "Chance of Rain",
    "timeStamp": "1505491200",
  },
  Object {
    "feelslikeC": "12",
    "feelslikeF": "53",
    "iconUrl": "http://icons.wxug.com/i/c/k/nt_chancerain.gif",
    "tempC": "12",
    "tempF": "53",
    "text": "Chance of Rain",
    "timeStamp": "1505494800",
  },
  Object {
    "feelslikeC": "11",
    "feelslikeF": "52",
    "iconUrl": "http://icons.wxug.com/i/c/k/nt_chancerain.gif",
    "tempC": "11",
    "tempF": "52",
    "text": "Chance of Rain",
    "timeStamp": "1505498400",
  },
  Object {
    "feelslikeC": "11",
    "feelslikeF": "52",
    "iconUrl": "http://icons.wxug.com/i/c/k/chancerain.gif",
    "tempC": "11",
    "tempF": "52",
    "text": "Chance of Rain",
    "timeStamp": "1505502000",
  },
  Object {
    "feelslikeC": "12",
    "feelslikeF": "53",
    "iconUrl": "http://icons.wxug.com/i/c/k/partlycloudy.gif",
    "tempC": "12",
    "tempF": "53",
    "text": "Partly Cloudy",
    "timeStamp": "1505505600",
  },
  Object {
    "feelslikeC": "13",
    "feelslikeF": "55",
    "iconUrl": "http://icons.wxug.com/i/c/k/chancerain.gif",
    "tempC": "13",
    "tempF": "55",
    "text": "Chance of Rain",
    "timeStamp": "1505509200",
  },
  Object {
    "feelslikeC": "13",
    "feelslikeF": "55",
    "iconUrl": "http://icons.wxug.com/i/c/k/partlycloudy.gif",
    "tempC": "13",
    "tempF": "55",
    "text": "Partly Cloudy",
    "timeStamp": "1505512800",
  },
  Object {
    "feelslikeC": "13",
    "feelslikeF": "56",
    "iconUrl": "http://icons.wxug.com/i/c/k/partlycloudy.gif",
    "tempC": "13",
    "tempF": "56",
    "text": "Partly Cloudy",
    "timeStamp": "1505516400",
  },
  Object {
    "feelslikeC": "13",
    "feelslikeF": "56",
    "iconUrl": "http://icons.wxug.com/i/c/k/chancerain.gif",
    "tempC": "13",
    "tempF": "56",
    "text": "Chance of Rain",
    "timeStamp": "1505520000",
  },
  Object {
    "feelslikeC": "13",
    "feelslikeF": "56",
    "iconUrl": "http://icons.wxug.com/i/c/k/chancerain.gif",
    "tempC": "13",
    "tempF": "56",
    "text": "Chance of Rain",
    "timeStamp": "1505523600",
  },
  Object {
    "feelslikeC": "13",
    "feelslikeF": "56",
    "iconUrl": "http://icons.wxug.com/i/c/k/chancerain.gif",
    "tempC": "13",
    "tempF": "56",
    "text": "Chance of Rain",
    "timeStamp": "1505527200",
  },
  Object {
    "feelslikeC": "13",
    "feelslikeF": "56",
    "iconUrl": "http://icons.wxug.com/i/c/k/chancerain.gif",
    "tempC": "13",
    "tempF": "56",
    "text": "Chance of Rain",
    "timeStamp": "1505530800",
  },
  Object {
    "feelslikeC": "13",
    "feelslikeF": "55",
    "iconUrl": "http://icons.wxug.com/i/c/k/chancerain.gif",
    "tempC": "13",
    "tempF": "55",
    "text": "Chance of Rain",
    "timeStamp": "1505534400",
  },
  Object {
    "feelslikeC": "12",
    "feelslikeF": "54",
    "iconUrl": "http://icons.wxug.com/i/c/k/chancerain.gif",
    "tempC": "12",
    "tempF": "54",
    "text": "Chance of Rain",
    "timeStamp": "1505538000",
  },
  Object {
    "feelslikeC": "12",
    "feelslikeF": "54",
    "iconUrl": "http://icons.wxug.com/i/c/k/partlycloudy.gif",
    "tempC": "12",
    "tempF": "54",
    "text": "Partly Cloudy",
    "timeStamp": "1505541600",
  },
  Object {
    "feelslikeC": "12",
    "feelslikeF": "53",
    "iconUrl": "http://icons.wxug.com/i/c/k/nt_partlycloudy.gif",
    "tempC": "12",
    "tempF": "53",
    "text": "Partly Cloudy",
    "timeStamp": "1505545200",
  },
  Object {
    "feelslikeC": "12",
    "feelslikeF": "53",
    "iconUrl": "http://icons.wxug.com/i/c/k/nt_partlycloudy.gif",
    "tempC": "12",
    "tempF": "53",
    "text": "Partly Cloudy",
    "timeStamp": "1505548800",
  },
  Object {
    "feelslikeC": "11",
    "feelslikeF": "52",
    "iconUrl": "http://icons.wxug.com/i/c/k/nt_partlycloudy.gif",
    "tempC": "11",
    "tempF": "52",
    "text": "Partly Cloudy",
    "timeStamp": "1505552400",
  },
  Object {
    "feelslikeC": "11",
    "feelslikeF": "52",
    "iconUrl": "http://icons.wxug.com/i/c/k/nt_partlycloudy.gif",
    "tempC": "11",
    "tempF": "52",
    "text": "Partly Cloudy",
    "timeStamp": "1505556000",
  },
  Object {
    "feelslikeC": "11",
    "feelslikeF": "51",
    "iconUrl": "http://icons.wxug.com/i/c/k/nt_partlycloudy.gif",
    "tempC": "11",
    "tempF": "51",
    "text": "Partly Cloudy",
    "timeStamp": "1505559600",
  },
  Object {
    "feelslikeC": "11",
    "feelslikeF": "51",
    "iconUrl": "http://icons.wxug.com/i/c/k/nt_partlycloudy.gif",
    "tempC": "11",
    "tempF": "51",
    "text": "Partly Cloudy",
    "timeStamp": "1505563200",
  },
  Object {
    "feelslikeC": "11",
    "feelslikeF": "51",
    "iconUrl": "http://icons.wxug.com/i/c/k/nt_clear.gif",
    "tempC": "11",
    "tempF": "51",
    "text": "Clear",
    "timeStamp": "1505566800",
  },
  Object {
    "feelslikeC": "11",
    "feelslikeF": "51",
    "iconUrl": "http://icons.wxug.com/i/c/k/nt_clear.gif",
    "tempC": "11",
    "tempF": "51",
    "text": "Clear",
    "timeStamp": "1505570400",
  },
  Object {
    "feelslikeC": "11",
    "feelslikeF": "51",
    "iconUrl": "http://icons.wxug.com/i/c/k/nt_clear.gif",
    "tempC": "11",
    "tempF": "51",
    "text": "Clear",
    "timeStamp": "1505574000",
  },
  Object {
    "feelslikeC": "11",
    "feelslikeF": "51",
    "iconUrl": "http://icons.wxug.com/i/c/k/nt_clear.gif",
    "tempC": "11",
    "tempF": "51",
    "text": "Clear",
    "timeStamp": "1505577600",
  },
  Object {
    "feelslikeC": "11",
    "feelslikeF": "52",
    "iconUrl": "http://icons.wxug.com/i/c/k/nt_clear.gif",
    "tempC": "11",
    "tempF": "52",
    "text": "Clear",
    "timeStamp": "1505581200",
  },
  Object {
    "feelslikeC": "11",
    "feelslikeF": "51",
    "iconUrl": "http://icons.wxug.com/i/c/k/nt_chancerain.gif",
    "tempC": "11",
    "tempF": "51",
    "text": "Chance of Rain",
    "timeStamp": "1505584800",
  },
  Object {
    "feelslikeC": "11",
    "feelslikeF": "52",
    "iconUrl": "http://icons.wxug.com/i/c/k/chancerain.gif",
    "tempC": "11",
    "tempF": "52",
    "text": "Chance of Rain",
    "timeStamp": "1505588400",
  },
  Object {
    "feelslikeC": "12",
    "feelslikeF": "53",
    "iconUrl": "http://icons.wxug.com/i/c/k/partlycloudy.gif",
    "tempC": "12",
    "tempF": "53",
    "text": "Partly Cloudy",
    "timeStamp": "1505592000",
  },
  Object {
    "feelslikeC": "12",
    "feelslikeF": "53",
    "iconUrl": "http://icons.wxug.com/i/c/k/partlycloudy.gif",
    "tempC": "12",
    "tempF": "53",
    "text": "Partly Cloudy",
    "timeStamp": "1505595600",
  },
  Object {
    "feelslikeC": "12",
    "feelslikeF": "54",
    "iconUrl": "http://icons.wxug.com/i/c/k/partlycloudy.gif",
    "tempC": "12",
    "tempF": "54",
    "text": "Partly Cloudy",
    "timeStamp": "1505599200",
  },
  Object {
    "feelslikeC": "13",
    "feelslikeF": "55",
    "iconUrl": "http://icons.wxug.com/i/c/k/partlycloudy.gif",
    "tempC": "13",
    "tempF": "55",
    "text": "Partly Cloudy",
    "timeStamp": "1505602800",
  },
  Object {
    "feelslikeC": "13",
    "feelslikeF": "55",
    "iconUrl": "http://icons.wxug.com/i/c/k/partlycloudy.gif",
    "tempC": "13",
    "tempF": "55",
    "text": "Partly Cloudy",
    "timeStamp": "1505606400",
  },
  Object {
    "feelslikeC": "13",
    "feelslikeF": "55",
    "iconUrl": "http://icons.wxug.com/i/c/k/partlycloudy.gif",
    "tempC": "13",
    "tempF": "55",
    "text": "Partly Cloudy",
    "timeStamp": "1505610000",
  },
  Object {
    "feelslikeC": "13",
    "feelslikeF": "56",
    "iconUrl": "http://icons.wxug.com/i/c/k/partlycloudy.gif",
    "tempC": "13",
    "tempF": "56",
    "text": "Partly Cloudy",
    "timeStamp": "1505613600",
  },
  Object {
    "feelslikeC": "13",
    "feelslikeF": "55",
    "iconUrl": "http://icons.wxug.com/i/c/k/partlycloudy.gif",
    "tempC": "13",
    "tempF": "55",
    "text": "Partly Cloudy",
    "timeStamp": "1505617200",
  },
  Object {
    "feelslikeC": "13",
    "feelslikeF": "55",
    "iconUrl": "http://icons.wxug.com/i/c/k/partlycloudy.gif",
    "tempC": "13",
    "tempF": "55",
    "text": "Partly Cloudy",
    "timeStamp": "1505620800",
  },
  Object {
    "feelslikeC": "12",
    "feelslikeF": "54",
    "iconUrl": "http://icons.wxug.com/i/c/k/partlycloudy.gif",
    "tempC": "12",
    "tempF": "54",
    "text": "Partly Cloudy",
    "timeStamp": "1505624400",
  },
  Object {
    "feelslikeC": "12",
    "feelslikeF": "53",
    "iconUrl": "http://icons.wxug.com/i/c/k/chancerain.gif",
    "tempC": "12",
    "tempF": "53",
    "text": "Chance of Rain",
    "timeStamp": "1505628000",
  },
  Object {
    "feelslikeC": "12",
    "feelslikeF": "53",
    "iconUrl": "http://icons.wxug.com/i/c/k/nt_chancerain.gif",
    "tempC": "12",
    "tempF": "53",
    "text": "Chance of Rain",
    "timeStamp": "1505631600",
  },
  Object {
    "feelslikeC": "11",
    "feelslikeF": "52",
    "iconUrl": "http://icons.wxug.com/i/c/k/nt_chancerain.gif",
    "tempC": "11",
    "tempF": "52",
    "text": "Chance of Rain",
    "timeStamp": "1505635200",
  },
  Object {
    "feelslikeC": "11",
    "feelslikeF": "52",
    "iconUrl": "http://icons.wxug.com/i/c/k/nt_chancerain.gif",
    "tempC": "11",
    "tempF": "52",
    "text": "Chance of Rain",
    "timeStamp": "1505638800",
  },
  Object {
    "feelslikeC": "11",
    "feelslikeF": "52",
    "iconUrl": "http://icons.wxug.com/i/c/k/nt_chancerain.gif",
    "tempC": "11",
    "tempF": "52",
    "text": "Chance of Rain",
    "timeStamp": "1505642400",
  },
  Object {
    "feelslikeC": "11",
    "feelslikeF": "51",
    "iconUrl": "http://icons.wxug.com/i/c/k/nt_chancerain.gif",
    "tempC": "11",
    "tempF": "51",
    "text": "Chance of Rain",
    "timeStamp": "1505646000",
  },
  Object {
    "feelslikeC": "11",
    "feelslikeF": "51",
    "iconUrl": "http://icons.wxug.com/i/c/k/nt_partlycloudy.gif",
    "tempC": "11",
    "tempF": "51",
    "text": "Partly Cloudy",
    "timeStamp": "1505649600",
  },
  Object {
    "feelslikeC": "11",
    "feelslikeF": "51",
    "iconUrl": "http://icons.wxug.com/i/c/k/nt_mostlycloudy.gif",
    "tempC": "11",
    "tempF": "51",
    "text": "Mostly Cloudy",
    "timeStamp": "1505653200",
  },
  Object {
    "feelslikeC": "11",
    "feelslikeF": "51",
    "iconUrl": "http://icons.wxug.com/i/c/k/nt_partlycloudy.gif",
    "tempC": "11",
    "tempF": "51",
    "text": "Partly Cloudy",
    "timeStamp": "1505656800",
  },
  Object {
    "feelslikeC": "10",
    "feelslikeF": "50",
    "iconUrl": "http://icons.wxug.com/i/c/k/nt_partlycloudy.gif",
    "tempC": "10",
    "tempF": "50",
    "text": "Partly Cloudy",
    "timeStamp": "1505660400",
  },
  Object {
    "feelslikeC": "10",
    "feelslikeF": "50",
    "iconUrl": "http://icons.wxug.com/i/c/k/nt_partlycloudy.gif",
    "tempC": "10",
    "tempF": "50",
    "text": "Partly Cloudy",
    "timeStamp": "1505664000",
  },
  Object {
    "feelslikeC": "10",
    "feelslikeF": "50",
    "iconUrl": "http://icons.wxug.com/i/c/k/nt_partlycloudy.gif",
    "tempC": "10",
    "tempF": "50",
    "text": "Partly Cloudy",
    "timeStamp": "1505667600",
  },
  Object {
    "feelslikeC": "10",
    "feelslikeF": "50",
    "iconUrl": "http://icons.wxug.com/i/c/k/nt_partlycloudy.gif",
    "tempC": "10",
    "tempF": "50",
    "text": "Partly Cloudy",
    "timeStamp": "1505671200",
  },
  Object {
    "feelslikeC": "10",
    "feelslikeF": "50",
    "iconUrl": "http://icons.wxug.com/i/c/k/nt_partlycloudy.gif",
    "tempC": "10",
    "tempF": "50",
    "text": "Partly Cloudy",
    "timeStamp": "1505674800",
  },
  Object {
    "feelslikeC": "11",
    "feelslikeF": "51",
    "iconUrl": "http://icons.wxug.com/i/c/k/nt_partlycloudy.gif",
    "tempC": "11",
    "tempF": "51",
    "text": "Partly Cloudy",
    "timeStamp": "1505678400",
  },
  Object {
    "feelslikeC": "11",
    "feelslikeF": "51",
    "iconUrl": "http://icons.wxug.com/i/c/k/nt_partlycloudy.gif",
    "tempC": "11",
    "tempF": "51",
    "text": "Partly Cloudy",
    "timeStamp": "1505682000",
  },
  Object {
    "feelslikeC": "11",
    "feelslikeF": "52",
    "iconUrl": "http://icons.wxug.com/i/c/k/nt_partlycloudy.gif",
    "tempC": "11",
    "tempF": "52",
    "text": "Partly Cloudy",
    "timeStamp": "1505685600",
  },
  Object {
    "feelslikeC": "11",
    "feelslikeF": "52",
    "iconUrl": "http://icons.wxug.com/i/c/k/nt_partlycloudy.gif",
    "tempC": "11",
    "tempF": "52",
    "text": "Partly Cloudy",
    "timeStamp": "1505689200",
  },
  Object {
    "feelslikeC": "12",
    "feelslikeF": "53",
    "iconUrl": "http://icons.wxug.com/i/c/k/nt_chancerain.gif",
    "tempC": "12",
    "tempF": "53",
    "text": "Chance of Rain",
    "timeStamp": "1505692800",
  },
  Object {
    "feelslikeC": "12",
    "feelslikeF": "53",
    "iconUrl": "http://icons.wxug.com/i/c/k/nt_chancerain.gif",
    "tempC": "12",
    "tempF": "53",
    "text": "Chance of Rain",
    "timeStamp": "1505696400",
  },
  Object {
    "feelslikeC": "12",
    "feelslikeF": "54",
    "iconUrl": "http://icons.wxug.com/i/c/k/nt_chancerain.gif",
    "tempC": "12",
    "tempF": "54",
    "text": "Chance of Rain",
    "timeStamp": "1505700000",
  },
  Object {
    "feelslikeC": "12",
    "feelslikeF": "53",
    "iconUrl": "http://icons.wxug.com/i/c/k/nt_chancerain.gif",
    "tempC": "12",
    "tempF": "53",
    "text": "Chance of Rain",
    "timeStamp": "1505703600",
  },
  Object {
    "feelslikeC": "12",
    "feelslikeF": "53",
    "iconUrl": "http://icons.wxug.com/i/c/k/nt_chancerain.gif",
    "tempC": "12",
    "tempF": "53",
    "text": "Chance of Rain",
    "timeStamp": "1505707200",
  },
  Object {
    "feelslikeC": "11",
    "feelslikeF": "52",
    "iconUrl": "http://icons.wxug.com/i/c/k/nt_chancerain.gif",
    "tempC": "11",
    "tempF": "52",
    "text": "Chance of Rain",
    "timeStamp": "1505710800",
  },
  Object {
    "feelslikeC": "11",
    "feelslikeF": "52",
    "iconUrl": "http://icons.wxug.com/i/c/k/nt_chancerain.gif",
    "tempC": "11",
    "tempF": "52",
    "text": "Chance of Rain",
    "timeStamp": "1505714400",
  },
  Object {
    "feelslikeC": "11",
    "feelslikeF": "51",
    "iconUrl": "http://icons.wxug.com/i/c/k/nt_chancerain.gif",
    "tempC": "11",
    "tempF": "51",
    "text": "Chance of Rain",
    "timeStamp": "1505718000",
  },
  Object {
    "feelslikeC": "11",
    "feelslikeF": "51",
    "iconUrl": "http://icons.wxug.com/i/c/k/nt_chancerain.gif",
    "tempC": "11",
    "tempF": "51",
    "text": "Chance of Rain",
    "timeStamp": "1505721600",
  },
  Object {
    "feelslikeC": "11",
    "feelslikeF": "51",
    "iconUrl": "http://icons.wxug.com/i/c/k/nt_chancerain.gif",
    "tempC": "11",
    "tempF": "51",
    "text": "Chance of Rain",
    "timeStamp": "1505725200",
  },
  Object {
    "feelslikeC": "11",
    "feelslikeF": "51",
    "iconUrl": "http://icons.wxug.com/i/c/k/nt_chancerain.gif",
    "tempC": "11",
    "tempF": "51",
    "text": "Chance of Rain",
    "timeStamp": "1505728800",
  },
  Object {
    "feelslikeC": "10",
    "feelslikeF": "50",
    "iconUrl": "http://icons.wxug.com/i/c/k/nt_chancerain.gif",
    "tempC": "10",
    "tempF": "50",
    "text": "Chance of Rain",
    "timeStamp": "1505732400",
  },
]
`;
